mistralai/Mistral-7B-Instruct-v0.3: HTTP 410 - {"error":"https://api-inference.huggingface.co is no longer supported. Please use https://router.huggingface.co instead.
HuggingFaceH4/zephyr-7b-beta: HTTP 410 - {"error":"https://api-inference.huggingface.co is no longer supported. Please use https://router.huggingface.co instead.
mistralai/Mixtral-8x7B-Instruct-v0.1: HTTP 410 - {"error":"https://api-inference.huggingface.co is no longer supported. Please use https://router.huggingface.co instead.
google/gemma-2-2b-it: HTTP 410 - {"error":"https://api-inference.huggingface.co is no longer supported. Please use https://router.huggingface.co instead.
Qwen/Qwen2.5-7B-Instruct: HTTP 410 - {"error":"https://api-inference.huggingface.co is no longer supported. Please use https://router.huggingface.co instead.
meta-llama/Meta-Llama-3-8B-Instruct: HTTP 410 - {"error":"https://api-inference.huggingface.co is no longer supported. Please use https://router.huggingface.co instead.
microsoft/Phi-3-mini-4k-instruct: HTTP 410 - {"error":"https://api-inference.huggingface.co is no longer supported. Please use https://router.huggingface.co instead.
tiiuae/falcon-7b-instruct: HTTP 410 - {"error":"https://api-inference.huggingface.co is no longer supported. Please use https://router.huggingface.co instead.
